ERROR [lib::proc::proc] Process spawn error: WinProcess::spawn
ERROR [lib::proc::proc] Process spawn error: WinProcess::spawn
ERROR [lib::proc::proc] Process spawn error: WinProcess::spawn
ERROR [lib::proc::proc] Process spawn error: WinProcess::spawn
ERROR [lib::proc::proc] Process spawn error: WinProcess::spawn
ERROR [lib::proc::proc] Process spawn error: WinProcess::spawn
ERROR [lib::proc::proc] Process spawn error: WinProcess::spawn
ERROR [lib::proc::proc] Process spawn error: WinProcess::spawn
ERROR [lib::proc::proc] Process spawn error: WinProcess::spawn
ERROR [lib::proc::proc] Process spawn error: WinProcess::spawn
ERROR [lib::proc::proc] Process spawn error: WinProcess::spawn
ERROR [lib::proc::proc] Process spawn error: WinProcess::spawn
ERROR [lib::proc::proc] Process spawn error: WinProcess::spawn
ERROR [lib::proc::proc] Process spawn error: WinProcess::spawn
ERROR [lib::proc::proc] Process spawn error: WinProcess::spawn
ERROR [lib::proc::proc] Process spawn error: WinProcess::spawn
ERROR [lib::proc::proc] Process spawn error: WinProcess::spawn
ERROR [lib::proc::proc] Process spawn error: WinProcess::spawn
ERROR [lib::proc::proc] Process spawn error: WinProcess::spawn
ERROR [lib::proc::proc] Process spawn error: WinProcess::spawn
ERROR [lib::proc::proc] Process spawn error: WinProcess::spawn
ERROR [lib::proc::proc] Process spawn error: WinProcess::spawn
ERROR [lib::proc::proc] Process spawn error: WinProcess::spawn
ERROR [lib::proc::proc] Process spawn error: WinProcess::spawn
ERROR [lib::proc::proc] Process spawn error: WinProcess::spawn
ERROR [lib::proc::proc] Process spawn error: WinProcess::spawn
ERROR [lib::proc::proc] Process spawn error: WinProcess::spawn
ERROR [lib::proc::proc] Process spawn error: WinProcess::spawn
ERROR [lib::proc::proc] Process spawn error: WinProcess::spawn
ERROR [lib::proc::proc] Process spawn error: WinProcess::spawn
ERROR [lib::proc::proc] Process spawn error: WinProcess::spawn
ERROR [lib::proc::proc] Process spawn error: WinProcess::spawn
ERROR [lib::proc::proc] Process spawn error: WinProcess::spawn
ERROR [lib::proc::proc] Process spawn error: WinProcess::spawn
ERROR [lib::proc::proc] Process spawn error: WinProcess::spawn
ERROR [lib::proc::proc] Process spawn error: WinProcess::spawn
ERROR [lib::proc::proc] Process spawn error: WinProcess::spawn
ERROR [lib::proc::proc] Process spawn error: WinProcess::spawn
ERROR [lib::proc::proc] Process spawn error: WinProcess::spawn
ERROR [lib::proc::proc] Process spawn error: WinProcess::spawn
ERROR [lib::proc::proc] Process spawn error: WinProcess::spawn
ERROR [lib::proc::proc] Process spawn error: WinProcess::spawn
ERROR [lib::proc::proc] Process spawn error: WinProcess::spawn
ERROR [lib::proc::proc] Process spawn error: WinProcess::spawn
ERROR [lib::proc::proc] Process spawn error: WinProcess::spawn
ERROR [lib::proc::proc] Process spawn error: WinProcess::spawn
ERROR [lib::proc::proc] Process spawn error: WinProcess::spawn
ERROR [lib::proc::proc] Process spawn error: WinProcess::spawn
ERROR [lib::proc::proc] Process spawn error: WinProcess::spawn
ERROR [lib::proc::proc] Process spawn error: WinProcess::spawn
ERROR [lib::proc::proc] Process spawn error: WinProcess::spawn
ERROR [lib::proc::proc] Process spawn error: WinProcess::spawn
ERROR [lib::proc::proc] Process spawn error: WinProcess::spawn
ERROR [lib::proc::proc] Process spawn error: WinProcess::spawn
ERROR [lib::proc::proc] Process spawn error: WinProcess::spawn
ERROR [lib::proc::proc] Process spawn error: WinProcess::spawn
ERROR [lib::proc::proc] Process spawn error: WinProcess::spawn
ERROR [lib::proc::proc] Process spawn error: WinProcess::spawn
ERROR [lib::proc::proc] Process spawn error: WinProcess::spawn
ERROR [lib::proc::proc] Process spawn error: WinProcess::spawn
ERROR [lib::proc::proc] Process spawn error: WinProcess::spawn
ERROR [lib::proc::proc] Process spawn error: WinProcess::spawn
ERROR [lib::proc::proc] Process spawn error: WinProcess::spawn
ERROR [lib::proc::proc] Process spawn error: WinProcess::spawn
ERROR [lib::proc::proc] Process spawn error: WinProcess::spawn
ERROR [lib::proc::proc] Process spawn error: WinProcess::spawn
ERROR [lib::proc::proc] Process spawn error: WinProcess::spawn
ERROR [lib::proc::proc] Process spawn error: WinProcess::spawn
ERROR [lib::proc::proc] Process spawn error: WinProcess::spawn
ERROR [lib::proc::proc] Process spawn error: WinProcess::spawn
ERROR [lib::proc::proc] Process spawn error: WinProcess::spawn
ERROR [lib::proc::proc] Process spawn error: WinProcess::spawn
ERROR [lib::proc::proc] Process spawn error: WinProcess::spawn
ERROR [lib::proc::proc] Process spawn error: WinProcess::spawn
ERROR [lib::proc::proc] Process spawn error: WinProcess::spawn
ERROR [lib::proc::proc] Process spawn error: WinProcess::spawn
ERROR [lib::proc::proc] Process spawn error: WinProcess::spawn
ERROR [lib::proc::proc] Process spawn error: WinProcess::spawn
WARN [lib::vt100::screen] CSI not implemented: ESC [ ?9001  h
WARN [lib::vt100::screen] CSI not implemented: ESC [ ?1004  h
WARN [lib::vt100::screen] CSI not implemented: ESC [ ?9001  h
WARN [lib::vt100::screen] CSI not implemented: ESC [ ?1004  h
ERROR [lib::error] Error: Overlapped I/O operation is in progress. (0x800703E5)
WARN [lib::vt100::screen] CSI not implemented: ESC [ ?9001  l
WARN [lib::vt100::screen] CSI not implemented: ESC [ ?1004  l
WARN [lib::vt100::screen] CSI not implemented: ESC [ ?9001  l
WARN [lib::vt100::screen] CSI not implemented: ESC [ ?1004  l
WARN [lib::vt100::screen] CSI not implemented: ESC [ ?9001  h
WARN [lib::vt100::screen] CSI not implemented: ESC [ ?1004  h
WARN [lib::vt100::screen] CSI not implemented: ESC [ ?9001  h
WARN [lib::vt100::screen] CSI not implemented: ESC [ ?1004  h
WARN [lib::vt100::screen] CSI not implemented: ESC [ ?9001  h
WARN [lib::vt100::screen] CSI not implemented: ESC [ ?1004  h
WARN [lib::vt100::screen] CSI not implemented: ESC [ ?9001  h
WARN [lib::vt100::screen] CSI not implemented: ESC [ ?1004  h
WARN [lib::vt100::screen] CSI not implemented: ESC [ ?9001  h
WARN [lib::vt100::screen] CSI not implemented: ESC [ ?1004  h
WARN [lib::vt100::screen] CSI not implemented: ESC [ ?9001  h
WARN [lib::vt100::screen] CSI not implemented: ESC [ ?1004  h
WARN [lib::vt100::screen] CSI not implemented: ESC [ ?9001  h
WARN [lib::vt100::screen] CSI not implemented: ESC [ ?1004  h
WARN [lib::vt100::screen] CSI not implemented: ESC [ ?9001  h
WARN [lib::vt100::screen] CSI not implemented: ESC [ ?1004  h
WARN [lib::vt100::screen] CSI not implemented: ESC [ ?9001  l
WARN [lib::vt100::screen] CSI not implemented: ESC [ ?1004  l
WARN [lib::vt100::screen] CSI not implemented: ESC [ ?9001  h
WARN [lib::vt100::screen] CSI not implemented: ESC [ ?1004  h
WARN [lib::vt100::screen] CSI not implemented: ESC [ 8;6;56  t
WARN [lib::vt100::screen] CSI not implemented: ESC [ ?9001  h
WARN [lib::vt100::screen] CSI not implemented: ESC [ ?9001  h
WARN [lib::vt100::screen] CSI not implemented: ESC [ ?1004  h
WARN [lib::vt100::screen] CSI not implemented: ESC [ ?1004  h
WARN [lib::vt100::screen] CSI not implemented: ESC [ ?9001  h
WARN [lib::vt100::screen] CSI not implemented: ESC [ ?1004  h
WARN [lib::vt100::screen] CSI not implemented: ESC [ ?9001  h
WARN [lib::vt100::screen] CSI not implemented: ESC [ ?1004  h
WARN [lib::vt100::screen] CSI not implemented: ESC [ ?9001  h
WARN [lib::vt100::screen] CSI not implemented: ESC [ ?1004  h
WARN [lib::vt100::screen] CSI not implemented: ESC [ ?9001  h
WARN [lib::vt100::screen] CSI not implemented: ESC [ ?1004  h
WARN [lib::vt100::screen] CSI not implemented: ESC [ ?9001  h
WARN [lib::vt100::screen] CSI not implemented: ESC [ ?1004  h
WARN [lib::vt100::screen] CSI not implemented: ESC [ ?9001  h
WARN [lib::vt100::screen] CSI not implemented: ESC [ ?1004  h
WARN [lib::vt100::screen] CSI not implemented: ESC [ ?9001  l
WARN [lib::vt100::screen] CSI not implemented: ESC [ ?1004  l
ERROR [lib::error] Error: The parameter is incorrect. (os error -2147024809)
WARN [lib::vt100::screen] CSI not implemented: ESC [ ?9001  h
WARN [lib::vt100::screen] CSI not implemented: ESC [ ?1004  h
WARN [lib::vt100::screen] CSI not implemented: ESC [ ?9001  h
WARN [lib::vt100::screen] CSI not implemented: ESC [ ?1004  h
WARN [lib::vt100::screen] CSI not implemented: ESC [ ?9001  l
WARN [lib::vt100::screen] CSI not implemented: ESC [ ?1004  l
WARN [lib::vt100::screen] CSI not implemented: ESC [ ?9001  l
WARN [lib::vt100::screen] CSI not implemented: ESC [ ?1004  l
WARN [lib::vt100::screen] CSI not implemented: ESC [ ?9001  h
WARN [lib::vt100::screen] CSI not implemented: ESC [ ?1004  h
WARN [lib::vt100::screen] CSI not implemented: ESC [ ?9001  h
WARN [lib::vt100::screen] CSI not implemented: ESC [ ?1004  h
ERROR [lib::error] Error: Overlapped I/O operation is in progress. (0x800703E5)
ERROR [lib::error] Error: Overlapped I/O operation is in progress. (0x800703E5)
WARN [lib::vt100::screen] CSI not implemented: ESC [ ?9001  l
WARN [lib::vt100::screen] CSI not implemented: ESC [ ?1004  l
WARN [lib::vt100::screen] CSI not implemented: ESC [ ?9001  l
WARN [lib::vt100::screen] CSI not implemented: ESC [ ?1004  l
WARN [lib::vt100::screen] CSI not implemented: ESC [ ?9001  h
WARN [lib::vt100::screen] CSI not implemented: ESC [ ?1004  h
WARN [lib::vt100::screen] CSI not implemented: ESC [ ?9001  h
WARN [lib::vt100::screen] CSI not implemented: ESC [ ?1004  h
WARN [lib::vt100::screen] CSI not implemented: ESC [ ?9001  l
WARN [lib::vt100::screen] CSI not implemented: ESC [ ?1004  l
WARN [lib::vt100::screen] CSI not implemented: ESC [ ?9001  l
WARN [lib::vt100::screen] CSI not implemented: ESC [ ?1004  l
WARN [lib::vt100::screen] CSI not implemented: ESC [ ?9001  h
WARN [lib::vt100::screen] CSI not implemented: ESC [ ?1004  h
WARN [lib::vt100::screen] CSI not implemented: ESC [ ?9001  h
WARN [lib::vt100::screen] CSI not implemented: ESC [ ?1004  h
WARN [lib::vt100::screen] CSI not implemented: ESC [ ?9001  h
WARN [lib::vt100::screen] CSI not implemented: ESC [ ?1004  h
WARN [lib::vt100::screen] CSI not implemented: ESC [ ?9001  h
WARN [lib::vt100::screen] CSI not implemented: ESC [ ?1004  h
WARN [lib::vt100::screen] CSI not implemented: ESC [ ?9001  h
WARN [lib::vt100::screen] CSI not implemented: ESC [ ?1004  h
WARN [lib::vt100::screen] CSI not implemented: ESC [ ?9001  h
WARN [lib::vt100::screen] CSI not implemented: ESC [ ?1004  h
WARN [lib::vt100::screen] CSI not implemented: ESC [ ?9001  h
WARN [lib::vt100::screen] CSI not implemented: ESC [ ?1004  h
WARN [lib::vt100::screen] CSI not implemented: ESC [ ?9001  h
WARN [lib::vt100::screen] CSI not implemented: ESC [ ?1004  h
WARN [lib::vt100::screen] CSI not implemented: ESC [ ?9001  l
WARN [lib::vt100::screen] CSI not implemented: ESC [ ?1004  l
WARN [lib::vt100::screen] CSI not implemented: ESC [ ?9001  l
WARN [lib::vt100::screen] CSI not implemented: ESC [ ?1004  l
WARN [lib::vt100::screen] CSI not implemented: ESC [ ?9001  h
WARN [lib::vt100::screen] CSI not implemented: ESC [ ?1004  h
WARN [lib::vt100::screen] CSI not implemented: ESC [ ?9001  h
WARN [lib::vt100::screen] CSI not implemented: ESC [ ?1004  h
WARN [lib::vt100::screen] CSI not implemented: ESC [ ?9001  l
WARN [lib::vt100::screen] CSI not implemented: ESC [ ?1004  l
WARN [lib::vt100::screen] CSI not implemented: ESC [ ?9001  l
WARN [lib::vt100::screen] CSI not implemented: ESC [ ?1004  l
